
> vibecrm@0.1.0 build
> next build

   Γû▓ Next.js 15.5.12
   - Environments: .env.local

   Creating an optimized production build ...
 Γ£ô Compiled successfully in 4.4s
   Linting and checking validity of types ...
node.exe : Failed to 
compile.
At line:1 char:1
+ & "C:\Program 
Files\nodejs/node.exe" 
"C:\Program 
Files\nodejs/node_mo ...
+ ~~~~~~~~~~~~~~~~~~~~~~~~~
~~~~~~~~~~~~~~~~~~~~~~~~~~~
~~~~~~~~~~~~~~~~~
    + CategoryInfo         
     : NotSpecified: (Fai  
  led to compile.:String   
 ) [], RemoteException
    + FullyQualifiedErrorI 
   d : NativeCommandError
 

./src/app/page.tsx:116:50
Type error: Parameter 
'acc' implicitly has an 
'any' type.

[0m [90m 114 |[39m
 [90m 115 |[39m          
   [36mif[39m 
(contactCount 
[33m!==[39m 
[36mnull[39m 
[33m&&[39m deals) {
[31m[1m>[22m[39m[90m 
116 |[39m                 
[36mconst[39m totalValue 
[33m=[39m deals[33m.[39
mreduce((acc[33m,[39m d) 
[33m=>[39m acc 
[33m+[39m 
(d[33m.[39mdeal_value 
[33m||[39m 
[35m0[39m)[33m,[39m 
[35m0[39m)[33m;[39m
 [90m     |[39m          
                           
             
[31m[1m^[22m[39m
 [90m 117 |[39m          
       [36mconst[39m 
activeDeals [33m=[39m 
deals[33m.[39mfilter(d 
[33m=>[39m 
d[33m.[39mdeal_value 
[33m>[39m [35m0[39m)[3
3m.[39mlength[33m;[39m
 [90m 118 |[39m          
       setStats(prev 
[33m=>[39m ({
 [90m 119 |[39m          
           [33m...[39mpre
v[33m,[39m[0m
Next.js build worker 
exited with code: 1 and 
signal: null
